#0 building with "desktop-linux" instance using docker driver

#1 [internal] load build definition from Dockerfile
#1 transferring dockerfile: 422B done
#1 WARN: InvalidDefaultArgInFrom: Default value for ARG ${BASE_IMAGE} results in empty or invalid base image name (line 3)
#1 DONE 0.0s

#2 [internal] load metadata for docker.io/library/gobble-p2b1-review-qualified:local
#2 DONE 0.0s

#3 [internal] load .dockerignore
#3 transferring context: 2B done
#3 DONE 0.0s

#4 [internal] load build context
#4 transferring context: 102.59kB 0.0s done
#4 DONE 0.0s

#5 [1/4] FROM docker.io/library/gobble-p2b1-review-qualified:local@sha256:effd239270cd58dc27d97b32b884ab21569a08e26b163d61736ab50c2a85f78d
#5 resolve docker.io/library/gobble-p2b1-review-qualified:local@sha256:effd239270cd58dc27d97b32b884ab21569a08e26b163d61736ab50c2a85f78d done
#5 CACHED

#6 [2/4] COPY gobble /opt/gobble
#6 DONE 0.2s

#7 [3/4] WORKDIR /opt/gobble
#7 DONE 0.0s

#8 [4/4] RUN CGO_ENABLED=0 GOMAXPROCS=1 go build -buildvcs=false -o /usr/local/bin/gobble ./cmd/gobble
#8 DONE 6.3s

#9 exporting to image
#9 exporting layers
#9 exporting layers 3.0s done
#9 exporting manifest sha256:14a996b7807477c6c4ec549d925f5b469ce63f4bae1c784280560b42cc6c0ce0 done
#9 exporting config sha256:4ac360a2d6666724a82369a72df955f810e71a19fac1ec176d6e3c55e947041f done
#9 exporting attestation manifest sha256:5f59b95dc3cef40db70f9b30678bca7fda104de19be1c31283b440336d661eb1 done
#9 exporting manifest list sha256:4dbd1fb658d8aa6967bf8de6b2368a0dad2c59244306d2a2bf1c9e90e4d702dc done
#9 naming to docker.io/library/gobble-p2b2-creation-final:local done
#9 DONE 3.1s

 [33m1 warning found (use docker --debug to expand):
[0m - InvalidDefaultArgInFrom: Default value for ARG ${BASE_IMAGE} results in empty or invalid base image name (line 3)
