
> gobble-app-workspace@0.1.0 build
> npm run build:service && npm run build --workspace @gobble/desktop


> gobble-app-workspace@0.1.0 build:service
> tsx scripts/build-service.ts


> @gobble/desktop@0.1.0 build
> electron-vite build

vite v7.3.6 building ssr environment for production...
transforming...
✓ 355 modules transformed.
rendering chunks...
out/main/index.js  487.33 kB
✓ built in 556ms
vite v7.3.6 building ssr environment for production...
transforming...
✓ 306 modules transformed.
rendering chunks...
out/preload/index.cjs  215.81 kB
✓ built in 262ms
vite v7.3.6 building client environment for production...
transforming...
✓ 399 modules transformed.
rendering chunks...
../../out/renderer/index.html                     0.48 kB
../../out/renderer/assets/index-C9SbL2XJ.css     41.54 kB
../../out/renderer/assets/index-BAW59Y8g.js     981.25 kB
../../out/renderer/assets/chunk-DZLsuOxH.js   1,773.95 kB
✓ built in 2.42s
