
> gobble-app-workspace@0.1.0 build
> npm run build:service && npm run build --workspace @gobble/desktop


> gobble-app-workspace@0.1.0 build:service
> tsx scripts/build-service.ts


> @gobble/desktop@0.1.0 build
> electron-vite build

vite v7.3.6 building ssr environment for production...
transforming...
✓ 456 modules transformed.
rendering chunks...
out/main/index.js  2,243.87 kB
✓ built in 1.02s
vite v7.3.6 building ssr environment for production...
transforming...
✓ 369 modules transformed.
rendering chunks...
out/preload/index.cjs  1,760.89 kB
✓ built in 482ms
vite v7.3.6 building client environment for production...
transforming...
✓ 525 modules transformed.
rendering chunks...
../../out/renderer/index.html                     0.39 kB
../../out/renderer/assets/index-M3pY2oMp.css     86.25 kB
../../out/renderer/assets/index-Dz3ieMcl.js   2,815.34 kB
✓ built in 1.02s
