
> gobble-app-workspace@0.1.0 build
> npm run build:service && npm run build --workspace @gobble/desktop


> gobble-app-workspace@0.1.0 build:service
> tsx scripts/build-service.ts


> @gobble/desktop@0.1.0 build
> electron-vite build

vite v7.3.6 building ssr environment for production...
transforming...
✓ 435 modules transformed.
rendering chunks...
out/main/index.js  1,723.17 kB
✓ built in 995ms
vite v7.3.6 building ssr environment for production...
transforming...
✓ 356 modules transformed.
rendering chunks...
out/preload/index.cjs  1,289.83 kB
✓ built in 418ms
vite v7.3.6 building client environment for production...
transforming...
✓ 493 modules transformed.
rendering chunks...
../../out/renderer/index.html                     0.39 kB
../../out/renderer/assets/index-CbH4j6lg.css     73.93 kB
../../out/renderer/assets/index-DCcKryvQ.js   2,274.68 kB
✓ built in 896ms
