
> gobble-app-workspace@0.1.0 build
> npm run build:service && npm run build --workspace @gobble/desktop


> gobble-app-workspace@0.1.0 build:service
> tsx scripts/build-service.ts


> @gobble/desktop@0.1.0 build
> electron-vite build

vite v7.3.6 building ssr environment for production...
transforming...
✓ 348 modules transformed.
rendering chunks...
out/main/index.js  455.74 kB
✓ built in 554ms
vite v7.3.6 building ssr environment for production...
transforming...
✓ 301 modules transformed.
rendering chunks...
out/preload/index.cjs  209.87 kB
✓ built in 266ms
vite v7.3.6 building client environment for production...
transforming...
✓ 388 modules transformed.
rendering chunks...
../../out/renderer/index.html                     0.48 kB
../../out/renderer/assets/index-BWh5KnPp.css     37.66 kB
../../out/renderer/assets/index-Dzna6vF9.js     946.99 kB
../../out/renderer/assets/chunk-DZLsuOxH.js   1,773.95 kB
✓ built in 2.34s
