
> gobble-app-workspace@0.1.0 build
> npm run build:service && npm run build --workspace @gobble/desktop


> gobble-app-workspace@0.1.0 build:service
> tsx scripts/build-service.ts


> @gobble/desktop@0.1.0 build
> electron-vite build

vite v7.3.6 building ssr environment for production...
transforming...
✓ 405 modules transformed.
rendering chunks...
out/main/index.js  964.78 kB
✓ built in 867ms
vite v7.3.6 building ssr environment for production...
transforming...
✓ 335 modules transformed.
rendering chunks...
out/preload/index.cjs  607.27 kB
✓ built in 346ms
vite v7.3.6 building client environment for production...
transforming...
✓ 444 modules transformed.
rendering chunks...
../../out/renderer/index.html                     0.39 kB
../../out/renderer/assets/index-DgH7AYO1.css     52.18 kB
../../out/renderer/assets/index-CsqkLZKM.js   1,461.26 kB
✓ built in 814ms
