
> gobble-app-workspace@0.1.0 build
> npm run build:service && npm run build --workspace @gobble/desktop


> gobble-app-workspace@0.1.0 build:service
> tsx scripts/build-service.ts


> @gobble/desktop@0.1.0 build
> electron-vite build

vite v7.3.6 building ssr environment for production...
transforming...
✓ 405 modules transformed.
rendering chunks...
out/main/index.js  966.65 kB
✓ built in 843ms
vite v7.3.6 building ssr environment for production...
transforming...
✓ 335 modules transformed.
rendering chunks...
out/preload/index.cjs  608.27 kB
✓ built in 339ms
vite v7.3.6 building client environment for production...
transforming...
✓ 444 modules transformed.
rendering chunks...
../../out/renderer/index.html                     0.39 kB
../../out/renderer/assets/index-m3Zztx3g.css     52.59 kB
../../out/renderer/assets/index-BmFS-klJ.js   1,466.38 kB
✓ built in 802ms
