=== RUN   TestLivePreparedLaunch
    launch_live_test.go:111: launch=accepted run= status= issue=
    launch_live_test.go:111: launch=reconciling run= status= issue=The execution observation is unavailable. Check the same Run; do not start another.
    launch_live_test.go:111: launch=reconciling run= status= issue=The execution observation is unavailable. Check the same Run; do not start another.
    launch_live_test.go:111: launch=reconciling run= status= issue=The execution observation is unavailable. Check the same Run; do not start another.
    launch_live_test.go:111: launch=reconciling run= status= issue=The execution observation is unavailable. Check the same Run; do not start another.
    launch_live_test.go:111: launch=reconciling run= status= issue=The execution observation is unavailable. Check the same Run; do not start another.
    launch_live_test.go:111: launch=reconciling run= status= issue=The execution observation is unavailable. Check the same Run; do not start another.
    launch_live_test.go:111: launch=reconciling run= status= issue=The execution observation is unavailable. Check the same Run; do not start another.
    launch_live_test.go:111: launch=reconciling run= status= issue=The execution observation is unavailable. Check the same Run; do not start another.
    launch_live_test.go:111: launch=reconciling run= status= issue=The execution observation is unavailable. Check the same Run; do not start another.
    launch_live_test.go:111: launch=reconciling run= status= issue=The execution observation is unavailable. Check the same Run; do not start another.
    launch_live_test.go:111: launch=reconciling run= status= issue=The execution observation is unavailable. Check the same Run; do not start another.
    launch_live_test.go:111: launch=reconciling run= status= issue=The execution observation is unavailable. Check the same Run; do not start another.
    launch_live_test.go:111: launch=reconciling run= status= issue=The execution observation is unavailable. Check the same Run; do not start another.
    launch_live_test.go:111: launch=reconciling run= status= issue=The execution observation is unavailable. Check the same Run; do not start another.
    launch_live_test.go:111: launch=reconciling run= status= issue=The execution observation is unavailable. Check the same Run; do not start another.
    launch_live_test.go:111: launch=reconciling run= status= issue=The execution observation is unavailable. Check the same Run; do not start another.
    launch_live_test.go:111: launch=reconciling run= status= issue=The execution observation is unavailable. Check the same Run; do not start another.
    launch_live_test.go:111: launch=reconciling run= status= issue=The execution observation is unavailable. Check the same Run; do not start another.
    launch_live_test.go:111: launch=reconciling run= status= issue=The execution observation is unavailable. Check the same Run; do not start another.
    launch_live_test.go:111: launch=reconciling run= status= issue=The execution observation is unavailable. Check the same Run; do not start another.
    launch_live_test.go:111: launch=reconciling run= status= issue=The execution observation is unavailable. Check the same Run; do not start another.
    launch_live_test.go:111: launch=reconciling run= status= issue=The execution observation is unavailable. Check the same Run; do not start another.
    launch_live_test.go:111: launch=reconciling run= status= issue=The execution observation is unavailable. Check the same Run; do not start another.
    launch_live_test.go:111: launch=reconciling run= status= issue=The execution observation is unavailable. Check the same Run; do not start another.
    launch_live_test.go:111: launch=reconciling run= status= issue=The execution observation is unavailable. Check the same Run; do not start another.
    launch_live_test.go:111: launch=reconciling run= status= issue=The execution observation is unavailable. Check the same Run; do not start another.
    launch_live_test.go:111: launch=reconciling run= status= issue=The execution observation is unavailable. Check the same Run; do not start another.
    launch_live_test.go:111: launch=reconciling run= status= issue=The execution observation is unavailable. Check the same Run; do not start another.
    launch_live_test.go:111: launch=reconciling run= status= issue=The execution observation is unavailable. Check the same Run; do not start another.
    launch_live_test.go:111: launch=reconciling run= status= issue=The execution observation is unavailable. Check the same Run; do not start another.
    launch_live_test.go:111: launch=reconciling run= status= issue=The execution observation is unavailable. Check the same Run; do not start another.
    launch_live_test.go:111: launch=reconciling run= status= issue=The execution observation is unavailable. Check the same Run; do not start another.
    launch_live_test.go:111: launch=reconciling run= status= issue=The execution observation is unavailable. Check the same Run; do not start another.
    launch_live_test.go:111: launch=reconciling run= status= issue=The execution observation is unavailable. Check the same Run; do not start another.
    launch_live_test.go:111: launch=reconciling run= status= issue=The execution observation is unavailable. Check the same Run; do not start another.
    launch_live_test.go:111: launch=reconciling run= status= issue=The execution observation is unavailable. Check the same Run; do not start another.
    launch_live_test.go:111: launch=reconciling run= status= issue=The execution observation is unavailable. Check the same Run; do not start another.
    launch_live_test.go:111: launch=reconciling run= status= issue=The execution observation is unavailable. Check the same Run; do not start another.
    launch_live_test.go:111: launch=reconciling run= status= issue=The execution observation is unavailable. Check the same Run; do not start another.
    launch_live_test.go:111: launch=reconciling run= status= issue=The execution observation is unavailable. Check the same Run; do not start another.
    launch_live_test.go:111: launch=reconciling run= status= issue=The execution observation is unavailable. Check the same Run; do not start another.
    launch_live_test.go:111: launch=reconciling run= status= issue=The execution observation is unavailable. Check the same Run; do not start another.
    launch_live_test.go:111: launch=reconciling run= status= issue=The execution observation is unavailable. Check the same Run; do not start another.
    launch_live_test.go:111: launch=reconciling run= status= issue=The execution observation is unavailable. Check the same Run; do not start another.
    launch_live_test.go:111: launch=reconciling run= status= issue=The execution observation is unavailable. Check the same Run; do not start another.
    launch_live_test.go:111: launch=reconciling run= status= issue=The execution observation is unavailable. Check the same Run; do not start another.
    launch_live_test.go:111: launch=reconciling run= status= issue=The execution observation is unavailable. Check the same Run; do not start another.
    launch_live_test.go:111: launch=reconciling run= status= issue=The execution observation is unavailable. Check the same Run; do not start another.
    launch_live_test.go:111: launch=reconciling run= status= issue=The execution observation is unavailable. Check the same Run; do not start another.
    launch_live_test.go:111: launch=reconciling run= status= issue=The execution observation is unavailable. Check the same Run; do not start another.
    launch_live_test.go:111: launch=reconciling run= status= issue=The execution observation is unavailable. Check the same Run; do not start another.
    launch_live_test.go:111: launch=reconciling run= status= issue=The execution observation is unavailable. Check the same Run; do not start another.
    launch_live_test.go:111: launch=reconciling run= status= issue=The execution observation is unavailable. Check the same Run; do not start another.
    launch_live_test.go:111: launch=reconciling run= status= issue=The execution observation is unavailable. Check the same Run; do not start another.
    launch_live_test.go:111: launch=reconciling run= status= issue=The execution observation is unavailable. Check the same Run; do not start another.
    launch_live_test.go:111: launch=reconciling run= status= issue=The execution observation is unavailable. Check the same Run; do not start another.
    launch_live_test.go:111: launch=reconciling run= status= issue=The execution observation is unavailable. Check the same Run; do not start another.
    launch_live_test.go:111: launch=reconciling run= status= issue=The execution observation is unavailable. Check the same Run; do not start another.
    launch_live_test.go:111: launch=reconciling run= status= issue=The execution observation is unavailable. Check the same Run; do not start another.
    launch_live_test.go:111: launch=reconciling run= status= issue=The execution observation is unavailable. Check the same Run; do not start another.
    launch_live_test.go:111: launch=reconciling run= status= issue=The execution observation is unavailable. Check the same Run; do not start another.
    launch_live_test.go:111: launch=reconciling run= status= issue=The execution observation is unavailable. Check the same Run; do not start another.
    launch_live_test.go:111: launch=reconciling run= status= issue=The execution observation is unavailable. Check the same Run; do not start another.
    launch_live_test.go:111: launch=reconciling run= status= issue=The execution observation is unavailable. Check the same Run; do not start another.
    launch_live_test.go:111: launch=reconciling run= status= issue=The execution observation is unavailable. Check the same Run; do not start another.
    launch_live_test.go:111: launch=reconciling run= status= issue=The execution observation is unavailable. Check the same Run; do not start another.
    launch_live_test.go:111: launch=reconciling run= status= issue=The execution observation is unavailable. Check the same Run; do not start another.
    launch_live_test.go:111: launch=reconciling run= status= issue=The execution observation is unavailable. Check the same Run; do not start another.
    launch_live_test.go:111: launch=reconciling run= status= issue=The execution observation is unavailable. Check the same Run; do not start another.
    launch_live_test.go:111: launch=reconciling run= status= issue=The execution observation is unavailable. Check the same Run; do not start another.
    launch_live_test.go:111: launch=reconciling run= status= issue=The execution observation is unavailable. Check the same Run; do not start another.
    launch_live_test.go:111: launch=reconciling run= status= issue=The execution observation is unavailable. Check the same Run; do not start another.
    launch_live_test.go:111: launch=reconciling run= status= issue=The execution observation is unavailable. Check the same Run; do not start another.
    launch_live_test.go:111: launch=reconciling run= status= issue=The execution observation is unavailable. Check the same Run; do not start another.
    launch_live_test.go:111: launch=reconciling run= status= issue=The execution observation is unavailable. Check the same Run; do not start another.
    launch_live_test.go:111: launch=reconciling run= status= issue=The execution observation is unavailable. Check the same Run; do not start another.
    launch_live_test.go:111: launch=reconciling run= status= issue=The execution observation is unavailable. Check the same Run; do not start another.
    launch_live_test.go:111: launch=reconciling run= status= issue=The execution observation is unavailable. Check the same Run; do not start another.
    launch_live_test.go:111: launch=reconciling run= status= issue=The execution observation is unavailable. Check the same Run; do not start another.
    launch_live_test.go:111: launch=reconciling run= status= issue=The execution observation is unavailable. Check the same Run; do not start another.
    launch_live_test.go:111: launch=reconciling run= status= issue=The execution observation is unavailable. Check the same Run; do not start another.
    launch_live_test.go:111: launch=reconciling run= status= issue=The execution observation is unavailable. Check the same Run; do not start another.
    launch_live_test.go:111: launch=reconciling run= status= issue=The execution observation is unavailable. Check the same Run; do not start another.
    launch_live_test.go:111: launch=reconciling run= status= issue=The execution observation is unavailable. Check the same Run; do not start another.
    launch_live_test.go:111: launch=reconciling run= status= issue=The execution observation is unavailable. Check the same Run; do not start another.
    launch_live_test.go:111: launch=reconciling run= status= issue=The execution observation is unavailable. Check the same Run; do not start another.
    launch_live_test.go:111: launch=reconciling run= status= issue=The execution observation is unavailable. Check the same Run; do not start another.
    launch_live_test.go:111: launch=reconciling run= status= issue=The execution observation is unavailable. Check the same Run; do not start another.
    launch_live_test.go:111: launch=reconciling run= status= issue=The execution observation is unavailable. Check the same Run; do not start another.
    launch_live_test.go:111: launch=reconciling run= status= issue=The execution observation is unavailable. Check the same Run; do not start another.
    launch_live_test.go:111: launch=reconciling run= status= issue=The execution observation is unavailable. Check the same Run; do not start another.
    launch_live_test.go:111: launch=reconciling run= status= issue=The execution observation is unavailable. Check the same Run; do not start another.
    launch_live_test.go:111: launch=reconciling run= status= issue=The execution observation is unavailable. Check the same Run; do not start another.
    launch_live_test.go:111: launch=reconciling run= status= issue=The execution observation is unavailable. Check the same Run; do not start another.
    launch_live_test.go:111: launch=reconciling run= status= issue=The execution observation is unavailable. Check the same Run; do not start another.
    launch_live_test.go:111: launch=reconciling run= status= issue=The execution observation is unavailable. Check the same Run; do not start another.
    launch_live_test.go:111: launch=reconciling run= status= issue=The execution observation is unavailable. Check the same Run; do not start another.
    launch_live_test.go:111: launch=reconciling run= status= issue=The execution observation is unavailable. Check the same Run; do not start another.
    launch_live_test.go:111: launch=reconciling run= status= issue=The execution observation is unavailable. Check the same Run; do not start another.
    launch_live_test.go:111: launch=reconciling run= status= issue=The execution observation is unavailable. Check the same Run; do not start another.
    launch_live_test.go:111: launch=reconciling run= status= issue=The execution observation is unavailable. Check the same Run; do not start another.
    launch_live_test.go:111: launch=reconciling run= status= issue=The execution observation is unavailable. Check the same Run; do not start another.
    launch_live_test.go:111: launch=reconciling run= status= issue=The execution observation is unavailable. Check the same Run; do not start another.
    launch_live_test.go:111: launch=reconciling run= status= issue=The execution observation is unavailable. Check the same Run; do not start another.
    launch_live_test.go:111: launch=reconciling run= status= issue=The execution observation is unavailable. Check the same Run; do not start another.
    launch_live_test.go:111: launch=reconciling run= status= issue=The execution observation is unavailable. Check the same Run; do not start another.
    launch_live_test.go:111: launch=reconciling run= status= issue=The execution observation is unavailable. Check the same Run; do not start another.
    launch_live_test.go:111: launch=reconciling run= status= issue=The execution observation is unavailable. Check the same Run; do not start another.
    launch_live_test.go:111: launch=reconciling run= status= issue=The execution observation is unavailable. Check the same Run; do not start another.
    launch_live_test.go:111: launch=reconciling run= status= issue=The execution observation is unavailable. Check the same Run; do not start another.
    launch_live_test.go:111: launch=reconciling run= status= issue=The execution observation is unavailable. Check the same Run; do not start another.
    launch_live_test.go:111: launch=reconciling run= status= issue=The execution observation is unavailable. Check the same Run; do not start another.
    launch_live_test.go:111: launch=reconciling run= status= issue=The execution observation is unavailable. Check the same Run; do not start another.
    launch_live_test.go:111: launch=reconciling run= status= issue=The execution observation is unavailable. Check the same Run; do not start another.
    launch_live_test.go:111: launch=reconciling run= status= issue=The execution observation is unavailable. Check the same Run; do not start another.
    launch_live_test.go:111: launch=reconciling run= status= issue=The execution observation is unavailable. Check the same Run; do not start another.
    launch_live_test.go:111: launch=reconciling run= status= issue=The execution observation is unavailable. Check the same Run; do not start another.
    launch_live_test.go:111: launch=reconciling run= status= issue=The execution observation is unavailable. Check the same Run; do not start another.
    launch_live_test.go:111: launch=reconciling run= status= issue=The execution observation is unavailable. Check the same Run; do not start another.
    launch_live_test.go:111: launch=reconciling run= status= issue=The execution observation is unavailable. Check the same Run; do not start another.
    launch_live_test.go:111: launch=reconciling run= status= issue=The execution observation is unavailable. Check the same Run; do not start another.
    launch_live_test.go:111: launch=reconciling run= status= issue=The execution observation is unavailable. Check the same Run; do not start another.
    launch_live_test.go:111: launch=reconciling run= status= issue=The execution observation is unavailable. Check the same Run; do not start another.
    launch_live_test.go:111: launch=reconciling run= status= issue=The execution observation is unavailable. Check the same Run; do not start another.
    launch_live_test.go:111: launch=reconciling run= status= issue=The execution observation is unavailable. Check the same Run; do not start another.
    launch_live_test.go:111: launch=reconciling run= status= issue=The execution observation is unavailable. Check the same Run; do not start another.
    launch_live_test.go:111: launch=reconciling run= status= issue=The execution observation is unavailable. Check the same Run; do not start another.
    launch_live_test.go:111: launch=reconciling run= status= issue=The execution observation is unavailable. Check the same Run; do not start another.
    launch_live_test.go:111: launch=reconciling run= status= issue=The execution observation is unavailable. Check the same Run; do not start another.
    launch_live_test.go:111: launch=reconciling run= status= issue=The execution observation is unavailable. Check the same Run; do not start another.
    launch_live_test.go:111: launch=reconciling run= status= issue=The execution observation is unavailable. Check the same Run; do not start another.
    launch_live_test.go:111: launch=reconciling run= status= issue=The execution observation is unavailable. Check the same Run; do not start another.
    launch_live_test.go:111: launch=reconciling run= status= issue=The execution observation is unavailable. Check the same Run; do not start another.
    launch_live_test.go:111: launch=reconciling run= status= issue=The execution observation is unavailable. Check the same Run; do not start another.
    launch_live_test.go:111: launch=reconciling run= status= issue=The execution observation is unavailable. Check the same Run; do not start another.
    launch_live_test.go:111: launch=reconciling run= status= issue=The execution observation is unavailable. Check the same Run; do not start another.
    launch_live_test.go:111: launch=reconciling run= status= issue=The execution observation is unavailable. Check the same Run; do not start another.
    launch_live_test.go:111: launch=reconciling run= status= issue=The execution observation is unavailable. Check the same Run; do not start another.
    launch_live_test.go:111: launch=reconciling run= status= issue=The execution observation is unavailable. Check the same Run; do not start another.
    launch_live_test.go:111: launch=reconciling run= status= issue=The execution observation is unavailable. Check the same Run; do not start another.
    launch_live_test.go:111: launch=reconciling run= status= issue=The execution observation is unavailable. Check the same Run; do not start another.
    launch_live_test.go:111: launch=reconciling run= status= issue=The execution observation is unavailable. Check the same Run; do not start another.
    launch_live_test.go:111: launch=reconciling run= status= issue=The execution observation is unavailable. Check the same Run; do not start another.
    launch_live_test.go:111: launch=reconciling run= status= issue=The execution observation is unavailable. Check the same Run; do not start another.
    launch_live_test.go:111: launch=reconciling run= status= issue=The execution observation is unavailable. Check the same Run; do not start another.
    launch_live_test.go:111: launch=reconciling run= status= issue=The execution observation is unavailable. Check the same Run; do not start another.
    launch_live_test.go:111: launch=reconciling run= status= issue=The execution observation is unavailable. Check the same Run; do not start another.
    launch_live_test.go:111: launch=reconciling run= status= issue=The execution observation is unavailable. Check the same Run; do not start another.
    launch_live_test.go:111: launch=reconciling run= status= issue=The execution observation is unavailable. Check the same Run; do not start another.
    launch_live_test.go:125: Run did not complete: &{RequestID:req_start State:reconciling RunRef: RunStatus: Snapshot: OwnerLease: ObservedAt: Issue:The execution observation is unavailable. Check the same Run; do not start another. StopRequestID: StopState: StopLease:} logs=
--- FAIL: TestLivePreparedLaunch (431.04s)
FAIL
FAIL	github.com/HahyeonJeon/gobble/internal/appservice	431.663s
FAIL
