=== RUN   TestLivePreparedLaunch
    launch_live_test.go:117: launch=accepted run= status= issue=
    launch_live_test.go:117: launch=reconciling run= status= issue=The execution observation is unavailable. Check the same Run; do not start another.
    launch_live_test.go:117: launch=admitted run=run_ITTKGQCKJ36RJNBB4PXSBMTOTM status=running issue=
    launch_live_test.go:139: native service restarted; original controller remains independent
    launch_live_test.go:117: launch=admitted run=run_ITTKGQCKJ36RJNBB4PXSBMTOTM status=running issue=Stop was requested; settlement is not confirmed. Check status.
    launch_live_test.go:117: launch=admitted run=run_ITTKGQCKJ36RJNBB4PXSBMTOTM status=interrupted issue=Stop was requested; settlement is not confirmed. Check status.
    launch_live_test.go:117: launch=admitted run=run_ITTKGQCKJ36RJNBB4PXSBMTOTM status=interrupted issue=Stop was requested; settlement is not confirmed. Check status.
    launch_live_test.go:117: launch=admitted run=run_ITTKGQCKJ36RJNBB4PXSBMTOTM status=interrupted issue=Stop was requested; settlement is not confirmed. Check status.
    launch_live_test.go:117: launch=admitted run=run_ITTKGQCKJ36RJNBB4PXSBMTOTM status=interrupted issue=Stop was requested; settlement is not confirmed. Check status.
    launch_live_test.go:117: launch=admitted run=run_ITTKGQCKJ36RJNBB4PXSBMTOTM status=interrupted issue=Stop was requested; settlement is not confirmed. Check status.
    launch_live_test.go:117: launch=admitted run=run_ITTKGQCKJ36RJNBB4PXSBMTOTM status=interrupted issue=Stop was requested; settlement is not confirmed. Check status.
    launch_live_test.go:117: launch=admitted run=run_ITTKGQCKJ36RJNBB4PXSBMTOTM status=interrupted issue=Stop was requested; settlement is not confirmed. Check status.
    launch_live_test.go:117: launch=admitted run=run_ITTKGQCKJ36RJNBB4PXSBMTOTM status=interrupted issue=Stop was requested; settlement is not confirmed. Check status.
    launch_live_test.go:117: launch=admitted run=run_ITTKGQCKJ36RJNBB4PXSBMTOTM status=interrupted issue=Stop was requested; settlement is not confirmed. Check status.
    launch_live_test.go:117: launch=admitted run=run_ITTKGQCKJ36RJNBB4PXSBMTOTM status=interrupted issue=Stop was requested; settlement is not confirmed. Check status.
    launch_live_test.go:117: launch=admitted run=run_ITTKGQCKJ36RJNBB4PXSBMTOTM status=interrupted issue=Stop was requested; settlement is not confirmed. Check status.
    launch_live_test.go:117: launch=admitted run=run_ITTKGQCKJ36RJNBB4PXSBMTOTM status=interrupted issue=Stop was requested; settlement is not confirmed. Check status.
    launch_live_test.go:117: launch=admitted run=run_ITTKGQCKJ36RJNBB4PXSBMTOTM status=interrupted issue=Stop was requested; settlement is not confirmed. Check status.
    launch_live_test.go:117: launch=admitted run=run_ITTKGQCKJ36RJNBB4PXSBMTOTM status=interrupted issue=Stop was requested; settlement is not confirmed. Check status.
    launch_live_test.go:117: launch=admitted run=run_ITTKGQCKJ36RJNBB4PXSBMTOTM status=interrupted issue=Stop was requested; settlement is not confirmed. Check status.
    launch_live_test.go:117: launch=admitted run=run_ITTKGQCKJ36RJNBB4PXSBMTOTM status=interrupted issue=Stop was requested; settlement is not confirmed. Check status.
    launch_live_test.go:117: launch=admitted run=run_ITTKGQCKJ36RJNBB4PXSBMTOTM status=interrupted issue=Stop was requested; settlement is not confirmed. Check status.
    launch_live_test.go:117: launch=admitted run=run_ITTKGQCKJ36RJNBB4PXSBMTOTM status=interrupted issue=Stop was requested; settlement is not confirmed. Check status.
    launch_live_test.go:117: launch=admitted run=run_ITTKGQCKJ36RJNBB4PXSBMTOTM status=interrupted issue=Stop was requested; settlement is not confirmed. Check status.
    launch_live_test.go:117: launch=admitted run=run_ITTKGQCKJ36RJNBB4PXSBMTOTM status=interrupted issue=Stop was requested; settlement is not confirmed. Check status.
    launch_live_test.go:117: launch=admitted run=run_ITTKGQCKJ36RJNBB4PXSBMTOTM status=interrupted issue=Stop was requested; settlement is not confirmed. Check status.
    launch_live_test.go:117: launch=admitted run=run_ITTKGQCKJ36RJNBB4PXSBMTOTM status=interrupted issue=Stop was requested; settlement is not confirmed. Check status.
    launch_live_test.go:117: launch=admitted run=run_ITTKGQCKJ36RJNBB4PXSBMTOTM status=interrupted issue=Stop was requested; settlement is not confirmed. Check status.
    launch_live_test.go:117: launch=admitted run=run_ITTKGQCKJ36RJNBB4PXSBMTOTM status=interrupted issue=Stop was requested; settlement is not confirmed. Check status.
    launch_live_test.go:117: launch=admitted run=run_ITTKGQCKJ36RJNBB4PXSBMTOTM status=interrupted issue=Stop was requested; settlement is not confirmed. Check status.
    launch_live_test.go:117: launch=admitted run=run_ITTKGQCKJ36RJNBB4PXSBMTOTM status=interrupted issue=Stop was requested; settlement is not confirmed. Check status.
    launch_live_test.go:117: launch=admitted run=run_ITTKGQCKJ36RJNBB4PXSBMTOTM status=interrupted issue=Stop was requested; settlement is not confirmed. Check status.
    launch_live_test.go:117: launch=admitted run=run_ITTKGQCKJ36RJNBB4PXSBMTOTM status=interrupted issue=Stop was requested; settlement is not confirmed. Check status.
    launch_live_test.go:117: launch=admitted run=run_ITTKGQCKJ36RJNBB4PXSBMTOTM status=interrupted issue=Stop was requested; settlement is not confirmed. Check status.
    launch_live_test.go:117: launch=admitted run=run_ITTKGQCKJ36RJNBB4PXSBMTOTM status=interrupted issue=Stop was requested; settlement is not confirmed. Check status.
    launch_live_test.go:117: launch=admitted run=run_ITTKGQCKJ36RJNBB4PXSBMTOTM status=interrupted issue=Stop was requested; settlement is not confirmed. Check status.
    launch_live_test.go:117: launch=admitted run=run_ITTKGQCKJ36RJNBB4PXSBMTOTM status=interrupted issue=Stop was requested; settlement is not confirmed. Check status.
    launch_live_test.go:117: launch=admitted run=run_ITTKGQCKJ36RJNBB4PXSBMTOTM status=interrupted issue=Stop was requested; settlement is not confirmed. Check status.
    launch_live_test.go:117: launch=admitted run=run_ITTKGQCKJ36RJNBB4PXSBMTOTM status=interrupted issue=Stop was requested; settlement is not confirmed. Check status.
    launch_live_test.go:117: launch=admitted run=run_ITTKGQCKJ36RJNBB4PXSBMTOTM status=interrupted issue=Stop was requested; settlement is not confirmed. Check status.
    launch_live_test.go:117: launch=admitted run=run_ITTKGQCKJ36RJNBB4PXSBMTOTM status=interrupted issue=Stop was requested; settlement is not confirmed. Check status.
    launch_live_test.go:117: launch=admitted run=run_ITTKGQCKJ36RJNBB4PXSBMTOTM status=interrupted issue=Stop was requested; settlement is not confirmed. Check status.
    launch_live_test.go:117: launch=admitted run=run_ITTKGQCKJ36RJNBB4PXSBMTOTM status=interrupted issue=Stop was requested; settlement is not confirmed. Check status.
    launch_live_test.go:117: launch=admitted run=run_ITTKGQCKJ36RJNBB4PXSBMTOTM status=interrupted issue=Stop was requested; settlement is not confirmed. Check status.
    launch_live_test.go:117: launch=admitted run=run_ITTKGQCKJ36RJNBB4PXSBMTOTM status=interrupted issue=Stop was requested; settlement is not confirmed. Check status.
    launch_live_test.go:117: launch=admitted run=run_ITTKGQCKJ36RJNBB4PXSBMTOTM status=interrupted issue=Stop was requested; settlement is not confirmed. Check status.
    launch_live_test.go:117: launch=admitted run=run_ITTKGQCKJ36RJNBB4PXSBMTOTM status=interrupted issue=Stop was requested; settlement is not confirmed. Check status.
    launch_live_test.go:117: launch=admitted run=run_ITTKGQCKJ36RJNBB4PXSBMTOTM status=interrupted issue=Stop was requested; settlement is not confirmed. Check status.
    launch_live_test.go:117: launch=admitted run=run_ITTKGQCKJ36RJNBB4PXSBMTOTM status=interrupted issue=Stop was requested; settlement is not confirmed. Check status.
    launch_live_test.go:117: launch=admitted run=run_ITTKGQCKJ36RJNBB4PXSBMTOTM status=interrupted issue=Stop was requested; settlement is not confirmed. Check status.
    launch_live_test.go:117: launch=admitted run=run_ITTKGQCKJ36RJNBB4PXSBMTOTM status=interrupted issue=Stop was requested; settlement is not confirmed. Check status.
    launch_live_test.go:117: launch=admitted run=run_ITTKGQCKJ36RJNBB4PXSBMTOTM status=interrupted issue=Stop was requested; settlement is not confirmed. Check status.
    launch_live_test.go:117: launch=admitted run=run_ITTKGQCKJ36RJNBB4PXSBMTOTM status=interrupted issue=Stop was requested; settlement is not confirmed. Check status.
    launch_live_test.go:117: launch=admitted run=run_ITTKGQCKJ36RJNBB4PXSBMTOTM status=interrupted issue=Stop was requested; settlement is not confirmed. Check status.
    launch_live_test.go:117: launch=admitted run=run_ITTKGQCKJ36RJNBB4PXSBMTOTM status=interrupted issue=Stop was requested; settlement is not confirmed. Check status.
    launch_live_test.go:117: launch=admitted run=run_ITTKGQCKJ36RJNBB4PXSBMTOTM status=interrupted issue=Stop was requested; settlement is not confirmed. Check status.
    launch_live_test.go:117: launch=admitted run=run_ITTKGQCKJ36RJNBB4PXSBMTOTM status=interrupted issue=Stop was requested; settlement is not confirmed. Check status.
    launch_live_test.go:117: launch=admitted run=run_ITTKGQCKJ36RJNBB4PXSBMTOTM status=interrupted issue=Stop was requested; settlement is not confirmed. Check status.
    launch_live_test.go:117: launch=admitted run=run_ITTKGQCKJ36RJNBB4PXSBMTOTM status=interrupted issue=Stop was requested; settlement is not confirmed. Check status.
    launch_live_test.go:117: launch=admitted run=run_ITTKGQCKJ36RJNBB4PXSBMTOTM status=interrupted issue=Stop was requested; settlement is not confirmed. Check status.
    launch_live_test.go:117: launch=admitted run=run_ITTKGQCKJ36RJNBB4PXSBMTOTM status=interrupted issue=Stop was requested; settlement is not confirmed. Check status.
    launch_live_test.go:117: launch=admitted run=run_ITTKGQCKJ36RJNBB4PXSBMTOTM status=interrupted issue=Stop was requested; settlement is not confirmed. Check status.
    launch_live_test.go:117: launch=admitted run=run_ITTKGQCKJ36RJNBB4PXSBMTOTM status=interrupted issue=Stop was requested; settlement is not confirmed. Check status.
    launch_live_test.go:117: launch=admitted run=run_ITTKGQCKJ36RJNBB4PXSBMTOTM status=interrupted issue=Stop was requested; settlement is not confirmed. Check status.
    launch_live_test.go:117: launch=admitted run=run_ITTKGQCKJ36RJNBB4PXSBMTOTM status=interrupted issue=Stop was requested; settlement is not confirmed. Check status.
    launch_live_test.go:117: launch=admitted run=run_ITTKGQCKJ36RJNBB4PXSBMTOTM status=interrupted issue=Stop was requested; settlement is not confirmed. Check status.
    launch_live_test.go:117: launch=admitted run=run_ITTKGQCKJ36RJNBB4PXSBMTOTM status=interrupted issue=Stop was requested; settlement is not confirmed. Check status.
    launch_live_test.go:117: launch=admitted run=run_ITTKGQCKJ36RJNBB4PXSBMTOTM status=interrupted issue=Stop was requested; settlement is not confirmed. Check status.
    launch_live_test.go:117: launch=admitted run=run_ITTKGQCKJ36RJNBB4PXSBMTOTM status=interrupted issue=Stop was requested; settlement is not confirmed. Check status.
    launch_live_test.go:117: launch=admitted run=run_ITTKGQCKJ36RJNBB4PXSBMTOTM status=interrupted issue=Stop was requested; settlement is not confirmed. Check status.
    launch_live_test.go:117: launch=admitted run=run_ITTKGQCKJ36RJNBB4PXSBMTOTM status=interrupted issue=Stop was requested; settlement is not confirmed. Check status.
    launch_live_test.go:117: launch=admitted run=run_ITTKGQCKJ36RJNBB4PXSBMTOTM status=interrupted issue=Stop was requested; settlement is not confirmed. Check status.
    launch_live_test.go:117: launch=admitted run=run_ITTKGQCKJ36RJNBB4PXSBMTOTM status=interrupted issue=Stop was requested; settlement is not confirmed. Check status.
    launch_live_test.go:117: launch=admitted run=run_ITTKGQCKJ36RJNBB4PXSBMTOTM status=interrupted issue=Stop was requested; settlement is not confirmed. Check status.
    launch_live_test.go:117: launch=admitted run=run_ITTKGQCKJ36RJNBB4PXSBMTOTM status=interrupted issue=Stop was requested; settlement is not confirmed. Check status.
    launch_live_test.go:117: launch=admitted run=run_ITTKGQCKJ36RJNBB4PXSBMTOTM status=interrupted issue=Stop was requested; settlement is not confirmed. Check status.
    launch_live_test.go:117: launch=admitted run=run_ITTKGQCKJ36RJNBB4PXSBMTOTM status=interrupted issue=Stop was requested; settlement is not confirmed. Check status.
    launch_live_test.go:117: launch=admitted run=run_ITTKGQCKJ36RJNBB4PXSBMTOTM status=interrupted issue=Stop was requested; settlement is not confirmed. Check status.
    launch_live_test.go:117: launch=admitted run=run_ITTKGQCKJ36RJNBB4PXSBMTOTM status=interrupted issue=Stop was requested; settlement is not confirmed. Check status.
    launch_live_test.go:117: launch=admitted run=run_ITTKGQCKJ36RJNBB4PXSBMTOTM status=interrupted issue=Stop was requested; settlement is not confirmed. Check status.
    launch_live_test.go:117: launch=admitted run=run_ITTKGQCKJ36RJNBB4PXSBMTOTM status=interrupted issue=Stop was requested; settlement is not confirmed. Check status.
    launch_live_test.go:117: launch=admitted run=run_ITTKGQCKJ36RJNBB4PXSBMTOTM status=interrupted issue=Stop was requested; settlement is not confirmed. Check status.
    launch_live_test.go:117: launch=admitted run=run_ITTKGQCKJ36RJNBB4PXSBMTOTM status=interrupted issue=Stop was requested; settlement is not confirmed. Check status.
    launch_live_test.go:117: launch=admitted run=run_ITTKGQCKJ36RJNBB4PXSBMTOTM status=interrupted issue=Stop was requested; settlement is not confirmed. Check status.
    launch_live_test.go:117: launch=admitted run=run_ITTKGQCKJ36RJNBB4PXSBMTOTM status=interrupted issue=Stop was requested; settlement is not confirmed. Check status.
    launch_live_test.go:117: launch=admitted run=run_ITTKGQCKJ36RJNBB4PXSBMTOTM status=interrupted issue=Stop was requested; settlement is not confirmed. Check status.
    launch_live_test.go:117: launch=admitted run=run_ITTKGQCKJ36RJNBB4PXSBMTOTM status=interrupted issue=Stop was requested; settlement is not confirmed. Check status.
    launch_live_test.go:117: launch=admitted run=run_ITTKGQCKJ36RJNBB4PXSBMTOTM status=interrupted issue=Stop was requested; settlement is not confirmed. Check status.
    launch_live_test.go:117: launch=admitted run=run_ITTKGQCKJ36RJNBB4PXSBMTOTM status=interrupted issue=Stop was requested; settlement is not confirmed. Check status.
    launch_live_test.go:117: launch=admitted run=run_ITTKGQCKJ36RJNBB4PXSBMTOTM status=interrupted issue=Stop was requested; settlement is not confirmed. Check status.
    launch_live_test.go:117: launch=admitted run=run_ITTKGQCKJ36RJNBB4PXSBMTOTM status=interrupted issue=Stop was requested; settlement is not confirmed. Check status.
    launch_live_test.go:117: launch=admitted run=run_ITTKGQCKJ36RJNBB4PXSBMTOTM status=interrupted issue=Stop was requested; settlement is not confirmed. Check status.
    launch_live_test.go:117: launch=admitted run=run_ITTKGQCKJ36RJNBB4PXSBMTOTM status=interrupted issue=Stop was requested; settlement is not confirmed. Check status.
    launch_live_test.go:117: launch=admitted run=run_ITTKGQCKJ36RJNBB4PXSBMTOTM status=interrupted issue=Stop was requested; settlement is not confirmed. Check status.
    launch_live_test.go:117: launch=admitted run=run_ITTKGQCKJ36RJNBB4PXSBMTOTM status=interrupted issue=Stop was requested; settlement is not confirmed. Check status.
    launch_live_test.go:117: launch=admitted run=run_ITTKGQCKJ36RJNBB4PXSBMTOTM status=interrupted issue=Stop was requested; settlement is not confirmed. Check status.
    launch_live_test.go:117: launch=admitted run=run_ITTKGQCKJ36RJNBB4PXSBMTOTM status=interrupted issue=Stop was requested; settlement is not confirmed. Check status.
    launch_live_test.go:117: launch=admitted run=run_ITTKGQCKJ36RJNBB4PXSBMTOTM status=interrupted issue=Stop was requested; settlement is not confirmed. Check status.
    launch_live_test.go:117: launch=admitted run=run_ITTKGQCKJ36RJNBB4PXSBMTOTM status=interrupted issue=Stop was requested; settlement is not confirmed. Check status.
    launch_live_test.go:117: launch=admitted run=run_ITTKGQCKJ36RJNBB4PXSBMTOTM status=interrupted issue=Stop was requested; settlement is not confirmed. Check status.
    launch_live_test.go:117: launch=admitted run=run_ITTKGQCKJ36RJNBB4PXSBMTOTM status=interrupted issue=Stop was requested; settlement is not confirmed. Check status.
    launch_live_test.go:117: launch=admitted run=run_ITTKGQCKJ36RJNBB4PXSBMTOTM status=interrupted issue=Stop was requested; settlement is not confirmed. Check status.
    launch_live_test.go:117: launch=admitted run=run_ITTKGQCKJ36RJNBB4PXSBMTOTM status=interrupted issue=Stop was requested; settlement is not confirmed. Check status.
    launch_live_test.go:117: launch=admitted run=run_ITTKGQCKJ36RJNBB4PXSBMTOTM status=interrupted issue=Stop was requested; settlement is not confirmed. Check status.
    launch_live_test.go:117: launch=admitted run=run_ITTKGQCKJ36RJNBB4PXSBMTOTM status=interrupted issue=Stop was requested; settlement is not confirmed. Check status.
    launch_live_test.go:117: launch=admitted run=run_ITTKGQCKJ36RJNBB4PXSBMTOTM status=interrupted issue=Stop was requested; settlement is not confirmed. Check status.
    launch_live_test.go:117: launch=admitted run=run_ITTKGQCKJ36RJNBB4PXSBMTOTM status=interrupted issue=Stop was requested; settlement is not confirmed. Check status.
    launch_live_test.go:117: launch=admitted run=run_ITTKGQCKJ36RJNBB4PXSBMTOTM status=interrupted issue=Stop was requested; settlement is not confirmed. Check status.
    launch_live_test.go:117: launch=admitted run=run_ITTKGQCKJ36RJNBB4PXSBMTOTM status=interrupted issue=Stop was requested; settlement is not confirmed. Check status.
    launch_live_test.go:117: launch=admitted run=run_ITTKGQCKJ36RJNBB4PXSBMTOTM status=interrupted issue=Stop was requested; settlement is not confirmed. Check status.
    launch_live_test.go:117: launch=admitted run=run_ITTKGQCKJ36RJNBB4PXSBMTOTM status=interrupted issue=Stop was requested; settlement is not confirmed. Check status.
    launch_live_test.go:117: launch=admitted run=run_ITTKGQCKJ36RJNBB4PXSBMTOTM status=interrupted issue=Stop was requested; settlement is not confirmed. Check status.
    launch_live_test.go:117: launch=admitted run=run_ITTKGQCKJ36RJNBB4PXSBMTOTM status=interrupted issue=Stop was requested; settlement is not confirmed. Check status.
    launch_live_test.go:117: launch=admitted run=run_ITTKGQCKJ36RJNBB4PXSBMTOTM status=interrupted issue=Stop was requested; settlement is not confirmed. Check status.
    launch_live_test.go:117: launch=admitted run=run_ITTKGQCKJ36RJNBB4PXSBMTOTM status=interrupted issue=Stop was requested; settlement is not confirmed. Check status.
    launch_live_test.go:117: launch=admitted run=run_ITTKGQCKJ36RJNBB4PXSBMTOTM status=interrupted issue=Stop was requested; settlement is not confirmed. Check status.
    launch_live_test.go:117: launch=admitted run=run_ITTKGQCKJ36RJNBB4PXSBMTOTM status=interrupted issue=Stop was requested; settlement is not confirmed. Check status.
    launch_live_test.go:117: launch=admitted run=run_ITTKGQCKJ36RJNBB4PXSBMTOTM status=interrupted issue=Stop was requested; settlement is not confirmed. Check status.
    launch_live_test.go:117: launch=admitted run=run_ITTKGQCKJ36RJNBB4PXSBMTOTM status=interrupted issue=Stop was requested; settlement is not confirmed. Check status.
    launch_live_test.go:117: launch=admitted run=run_ITTKGQCKJ36RJNBB4PXSBMTOTM status=interrupted issue=Stop was requested; settlement is not confirmed. Check status.
    launch_live_test.go:117: launch=admitted run=run_ITTKGQCKJ36RJNBB4PXSBMTOTM status=interrupted issue=Stop was requested; settlement is not confirmed. Check status.
    launch_live_test.go:117: launch=admitted run=run_ITTKGQCKJ36RJNBB4PXSBMTOTM status=interrupted issue=Stop was requested; settlement is not confirmed. Check status.
    launch_live_test.go:117: launch=admitted run=run_ITTKGQCKJ36RJNBB4PXSBMTOTM status=interrupted issue=Stop was requested; settlement is not confirmed. Check status.
    launch_live_test.go:117: launch=admitted run=run_ITTKGQCKJ36RJNBB4PXSBMTOTM status=interrupted issue=Stop was requested; settlement is not confirmed. Check status.
    launch_live_test.go:117: launch=admitted run=run_ITTKGQCKJ36RJNBB4PXSBMTOTM status=interrupted issue=Stop was requested; settlement is not confirmed. Check status.
    launch_live_test.go:117: launch=admitted run=run_ITTKGQCKJ36RJNBB4PXSBMTOTM status=interrupted issue=Stop was requested; settlement is not confirmed. Check status.
    launch_live_test.go:117: launch=admitted run=run_ITTKGQCKJ36RJNBB4PXSBMTOTM status=interrupted issue=Stop was requested; settlement is not confirmed. Check status.
    launch_live_test.go:117: launch=admitted run=run_ITTKGQCKJ36RJNBB4PXSBMTOTM status=interrupted issue=Stop was requested; settlement is not confirmed. Check status.
    launch_live_test.go:117: launch=admitted run=run_ITTKGQCKJ36RJNBB4PXSBMTOTM status=interrupted issue=Stop was requested; settlement is not confirmed. Check status.
    launch_live_test.go:117: launch=admitted run=run_ITTKGQCKJ36RJNBB4PXSBMTOTM status=interrupted issue=Stop was requested; settlement is not confirmed. Check status.
    launch_live_test.go:117: launch=admitted run=run_ITTKGQCKJ36RJNBB4PXSBMTOTM status=interrupted issue=Stop was requested; settlement is not confirmed. Check status.
    launch_live_test.go:117: launch=admitted run=run_ITTKGQCKJ36RJNBB4PXSBMTOTM status=interrupted issue=Stop was requested; settlement is not confirmed. Check status.
    launch_live_test.go:117: launch=admitted run=run_ITTKGQCKJ36RJNBB4PXSBMTOTM status=interrupted issue=Stop was requested; settlement is not confirmed. Check status.
    launch_live_test.go:117: launch=admitted run=run_ITTKGQCKJ36RJNBB4PXSBMTOTM status=interrupted issue=Stop was requested; settlement is not confirmed. Check status.
    launch_live_test.go:117: launch=admitted run=run_ITTKGQCKJ36RJNBB4PXSBMTOTM status=interrupted issue=Stop was requested; settlement is not confirmed. Check status.
    launch_live_test.go:117: launch=admitted run=run_ITTKGQCKJ36RJNBB4PXSBMTOTM status=interrupted issue=Stop was requested; settlement is not confirmed. Check status.
    launch_live_test.go:117: launch=admitted run=run_ITTKGQCKJ36RJNBB4PXSBMTOTM status=interrupted issue=Stop was requested; settlement is not confirmed. Check status.
    launch_live_test.go:117: launch=admitted run=run_ITTKGQCKJ36RJNBB4PXSBMTOTM status=interrupted issue=Stop was requested; settlement is not confirmed. Check status.
    launch_live_test.go:117: launch=admitted run=run_ITTKGQCKJ36RJNBB4PXSBMTOTM status=interrupted issue=Stop was requested; settlement is not confirmed. Check status.
    launch_live_test.go:117: launch=admitted run=run_ITTKGQCKJ36RJNBB4PXSBMTOTM status=interrupted issue=Stop was requested; settlement is not confirmed. Check status.
    launch_live_test.go:117: launch=admitted run=run_ITTKGQCKJ36RJNBB4PXSBMTOTM status=interrupted issue=Stop was requested; settlement is not confirmed. Check status.
    launch_live_test.go:117: launch=admitted run=run_ITTKGQCKJ36RJNBB4PXSBMTOTM status=interrupted issue=Stop was requested; settlement is not confirmed. Check status.
    launch_live_test.go:117: launch=admitted run=run_ITTKGQCKJ36RJNBB4PXSBMTOTM status=interrupted issue=Stop was requested; settlement is not confirmed. Check status.
    launch_live_test.go:117: launch=admitted run=run_ITTKGQCKJ36RJNBB4PXSBMTOTM status=interrupted issue=Stop was requested; settlement is not confirmed. Check status.
    launch_live_test.go:117: launch=admitted run=run_ITTKGQCKJ36RJNBB4PXSBMTOTM status=interrupted issue=Stop was requested; settlement is not confirmed. Check status.
    launch_live_test.go:117: launch=admitted run=run_ITTKGQCKJ36RJNBB4PXSBMTOTM status=interrupted issue=Stop was requested; settlement is not confirmed. Check status.
    launch_live_test.go:117: launch=admitted run=run_ITTKGQCKJ36RJNBB4PXSBMTOTM status=interrupted issue=Stop was requested; settlement is not confirmed. Check status.
    launch_live_test.go:117: launch=admitted run=run_ITTKGQCKJ36RJNBB4PXSBMTOTM status=interrupted issue=Stop was requested; settlement is not confirmed. Check status.
    launch_live_test.go:117: launch=admitted run=run_ITTKGQCKJ36RJNBB4PXSBMTOTM status=interrupted issue=Stop was requested; settlement is not confirmed. Check status.
    launch_live_test.go:117: launch=admitted run=run_ITTKGQCKJ36RJNBB4PXSBMTOTM status=interrupted issue=Stop was requested; settlement is not confirmed. Check status.
    launch_live_test.go:117: launch=admitted run=run_ITTKGQCKJ36RJNBB4PXSBMTOTM status=interrupted issue=Stop was requested; settlement is not confirmed. Check status.
    launch_live_test.go:159: Run did not complete: &{RequestID:req_start State:admitted RunRef:run_ITTKGQCKJ36RJNBB4PXSBMTOTM RunStatus:interrupted Snapshot:842b0fba0d73c4f6d39ae8e0536ec4e5 OwnerLease:1d4cdfeb9e81b4e700415aa98ed40334 ObservedAt:2026-09-12T14:14:04.002411Z Issue:Stop was requested; settlement is not confirmed. Check status. StopRequestID:req_stop StopState:requested StopLease:1d4cdfeb9e81b4e700415aa98ed40334} logs=
    catalog_test.go:19: close /var/folders/xr/75hrwk3x4bxcbr7f3lrb5d480000gn/T/TestLivePreparedLaunch1950109288/001/service/catalog.lock: file already closed
--- FAIL: TestLivePreparedLaunch (443.60s)
FAIL
FAIL	github.com/HahyeonJeon/gobble/internal/appservice	444.154s
FAIL
