
> gobble-app-workspace@0.1.0 build
> npm run build:service && npm run build --workspace @gobble/desktop


> gobble-app-workspace@0.1.0 build:service
> tsx scripts/build-service.ts


> @gobble/desktop@0.1.0 build
> electron-vite build

vite v7.3.6 building ssr environment for production...
transforming...
✓ 439 modules transformed.
rendering chunks...
out/main/index.js  1,878.51 kB
✓ built in 964ms
vite v7.3.6 building ssr environment for production...
transforming...
✓ 359 modules transformed.
rendering chunks...
out/preload/index.cjs  1,440.45 kB
✓ built in 410ms
vite v7.3.6 building client environment for production...
transforming...
✓ 498 modules transformed.
rendering chunks...
../../out/renderer/index.html                     0.39 kB
../../out/renderer/assets/index-BynG48Se.css     75.87 kB
../../out/renderer/assets/index-CNlmYRw_.js   2,435.23 kB
✓ built in 924ms
