
> gobble-app-workspace@0.1.0 build
> npm run build:service && npm run build --workspace @gobble/desktop


> gobble-app-workspace@0.1.0 build:service
> tsx scripts/build-service.ts


> @gobble/desktop@0.1.0 build
> electron-vite build

vite v7.3.6 building ssr environment for production...
transforming...
✓ 386 modules transformed.
rendering chunks...
out/main/index.js  711.73 kB
✓ built in 828ms
vite v7.3.6 building ssr environment for production...
transforming...
✓ 327 modules transformed.
rendering chunks...
out/preload/index.cjs  398.92 kB
✓ built in 311ms
vite v7.3.6 building client environment for production...
transforming...
✓ 425 modules transformed.
rendering chunks...
../../out/renderer/index.html                     0.39 kB
../../out/renderer/assets/index-BALmcatH.css     47.87 kB
../../out/renderer/assets/index-ByF_2lof.js   1,216.04 kB
✓ built in 783ms
