
Running 46 tests using 1 worker

(node:97729) Warning: The 'NO_COLOR' env is ignored due to the 'FORCE_COLOR' env being set.
(Use `node --trace-warnings ...` to show where the warning was created)
  ✓   1 desktop/tests/electron/agents.spec.ts:53:1 › two peer agents share panes but keep their streams and Stop controls separate (2.9s)
  ✓   2 desktop/tests/electron/agents.spec.ts:76:1 › lost acknowledgment survives restart and Check status recovers the original response without resending (2.7s)
  ✓   3 desktop/tests/electron/agents.spec.ts:146:1 › account and agent actions are readable before hover, on hover and with keyboard focus (2.1s)
  ✓   4 desktop/tests/electron/agents.spec.ts:168:1 › the shared composer protects IME input and the timeline preserves the reading position (2.6s)
  ✓   5 desktop/tests/electron/agents.spec.ts:221:1 › interleaved responses retain reading position through growth, collapse, compact mode and restoration (3.6s)
  ✓   6 desktop/tests/electron/agents.spec.ts:328:1 › a refused Send stays visible in compact Chat and preserves its recipient and draft (2.8s)
  ✓   7 desktop/tests/electron/agents.spec.ts:361:1 › compact project chrome and chat-side Agents preserve draft, focus and work across navigation (3.0s)
  ✓   8 desktop/tests/electron/agents.spec.ts:444:1 › empty Agent roster explains connection and returns keyboard focus (774ms)
  ✓   9 desktop/tests/electron/csv-table.spec.ts:37:1 › CSV stays a table: exact row selection, settings and attachment without chart creation (1.0s)
  ✓  10 desktop/tests/electron/csv-table.spec.ts:87:1 › retired renderer requests are refused before changing the workspace (761ms)
  ✓  11 desktop/tests/electron/csv-table.spec.ts:118:1 › old chart tabs retain metadata on restart and offer their source table (1.5s)
  ✓  12 desktop/tests/electron/dependencies.spec.ts:47:1 › User selects a group, exact attempt and directed dependency; frozen evidence and navigation survive restart and source changes (10.7s)
  ✓  13 desktop/tests/electron/dependencies.spec.ts:207:1 › missing, cyclic and bounded topology stays navigable by list and at compact native zoom (8.0s)
  ✓  14 desktop/tests/electron/dependency-reference.spec.ts:19:1 › Agent dependency marks preserve User work; Show/Return, historical capture, current search and restart stay distinct (9.5s)
  ✓  15 desktop/tests/electron/evidence.spec.ts:77:1 › addresses exact row and cropped image in one composer, retaining immutable history after restart (4.4s)
  ✓  16 desktop/tests/electron/evidence.spec.ts:183:1 › retains draft attachments across restart and blocks stale, unsupported and foreign sends (4.6s)
  ✓  17 desktop/tests/electron/evidence.spec.ts:224:1 › sends an explicit whole preview without typed text and reports missing saved evidence (2.7s)
  ✓  18 desktop/tests/electron/evidence.spec.ts:285:1 › migrates v2 shared marks and captured evidence, reopens without origin, and distinguishes changed or missing sources (5.3s)
  ✓  19 desktop/tests/electron/foundation.spec.ts:69:1 › built app renders in English through a sandboxed named bridge (708ms)
  ✓  20 desktop/tests/electron/foundation.spec.ts:94:1 › native folder selection registers a real Project and serves its files (635ms)
  ✓  21 desktop/tests/electron/foundation.spec.ts:133:1 › real IPC rejects bad payloads and an unregistered window (812ms)
  ✓  22 desktop/tests/electron/foundation.spec.ts:159:1 › blocks renderer code injection, frames, external navigation and new windows (691ms)
  ✓  23 desktop/tests/electron/foundation.spec.ts:183:1 › macOS window close preserves the host and activation recreates an isolated window (1.3s)
  ✓  24 desktop/tests/electron/foundation.spec.ts:197:1 › a second launch reuses the current profile owner (823ms)
  ✓  25 desktop/tests/electron/observed-reference.spec.ts:14:1 › Agent Run and stream references preserve User work and separate historical evidence from current tasks (10.5s)
  ✓  26 desktop/tests/electron/pdf.spec.ts:64:1 › PDF page and pointer/keyboard region become immutable draft and sent evidence across refresh and restart (6.7s)
  ✓  27 desktop/tests/electron/pdf.spec.ts:179:1 › PDF readers isolate navigation, reject stale or cross-Pane capture and dispose when hidden or switched (2.2s)
  ✓  28 desktop/tests/electron/pdf.spec.ts:269:1 › unsupported PDFs fail locally and recover through the existing Pane retry (1.5s)
  ✓  29 desktop/tests/electron/questions.spec.ts:77:1 › question arrival preserves a peer draft; Reply/Cancel and Enter use one composer with immutable evidence and one addressed answer (3.4s)
  ✓  30 desktop/tests/electron/questions.spec.ts:157:1 › pending reply restores without replay; changed source invalidates Send while historical question preview and draft remain (3.1s)
  ✓  31 desktop/tests/electron/questions.spec.ts:199:1 › image questions block text-only reply and dismissal sends nothing; older shared tool bindings require explicit new conversation (3.4s)
  ✓  32 desktop/tests/electron/runtime.spec.ts:16:1 › task navigation and stream selections survive refresh failures and normal restart (13.9s)
  ✓  33 desktop/tests/electron/shared-context.spec.ts:58:1 › User and Agent share table/image pointers while local selection and composer focus stay independent (3.1s)
  ✓  34 desktop/tests/electron/shared-context.spec.ts:105:1 › text pointing overlays a revision-bound range without replacing native local selection (2.2s)
  ✓  35 desktop/tests/electron/shared-context.spec.ts:145:1 › explicit shared-view opt-in starts a new conversation and retains earlier messages (2.2s)
  ✓  36 desktop/tests/electron/ux-review.spec.ts:95:1 › C1: long names and 0, 1, 5, 12 Agents stay navigable with enlarged text (3.1s)
  ✓  37 desktop/tests/electron/ux-review.spec.ts:142:1 › C2: long resources and multiple attachments retain a usable workspace at 100–150% zoom (4.2s)
  ✓  38 desktop/tests/electron/ux-review.spec.ts:217:1 › C3: a pending reply and attachment error stay actionable in a small enlarged-text chat (3.0s)
  ✓  39 desktop/tests/electron/workspace.spec.ts:27:1 › real files, split, selection and draft survive a normal app relaunch (1.8s)
  ✓  40 desktop/tests/electron/workspace.spec.ts:66:1 › keyboard tabs, duplicate, move and close preserve the remaining views (1.1s)
  ✓  41 desktop/tests/electron/workspace.spec.ts:96:1 › narrow windows retain both panes and keyboard image and text context (1.1s)
  ✓  42 desktop/tests/electron/workspace.spec.ts:133:1 › changed and missing files remain explicit while other Projects stay separate (1.2s)
  ✓  43 desktop/tests/electron/workspace.spec.ts:173:1 › a failed draft save preserves the Project and honors Keep Open on window close (870ms)
  ✓  44 desktop/tests/electron/workspace.spec.ts:218:1 › stacked panes, fitted image and one composer retain their identity across resizing and compact chat (1.6s)
  ✓  45 desktop/tests/electron/workspace.spec.ts:341:1 › the real app migrates saved v1 geometry on the first change and retains the original archive (1.6s)
  ✓  46 desktop/tests/electron/workspace.spec.ts:403:1 › selection overview finds hidden sources, More returns keyboard focus, and empty panes target navigation (1.4s)

  46 passed (2.5m)
