WARNING: The requested image's platform (linux/amd64) does not match the detected host platform (linux/arm64/v8) and no specific platform was requested
ok  	github.com/HahyeonJeon/gobble	23.015s
--- FAIL: TestImportBan (1.78s)
    import_ban_test.go:18: banned import github.com/HahyeonJeon/gobble/assets in:
        /opt/gobble/app/qualification/pipeline-flow/project/trim-review/pipeline.go
        /opt/gobble/app/test-results/electron/admitted-runs-Run-navigati-8e756-es-not-on-every-status-poll/fixture/profile/service/pipeline-creations/drf_CKI2NT37WCWNVFY4ZSFEAFZA3P/req_candidate/project/pipeline/pipe.go
        /opt/gobble/app/test-results/electron/admitted-runs-Run-navigati-8e756-es-not-on-every-status-poll/fixture/profile/service/pipeline-preparations/pip_2W54Z2S47JLLEULCVYT3U2MYCK/req_prepare/project/pipeline/pipe.go
        /opt/gobble/app/test-results/electron/continuation-review-Agent--1bd4e--selection-or-starting-work/fixture/profile/service/pipeline-creations/drf_GEWGRQ2LMDX5ANX3MQ7SQOLFHM/req_candidate/project/pipeline/pipe.go
        /opt/gobble/app/test-results/electron/continuation-review-Agent--1bd4e--selection-or-starting-work/fixture/profile/service/pipeline-preparations/pip_QUZLRVCZ5DZC3FHLUKYY3G4TDZ/req_prepare/project/pipeline/pipe.go
        /opt/gobble/app/test-results/electron/continuation-review-contin-c548e-xplicit-native-confirmation/fixture/profile/service/pipeline-creations/drf_K7OD5MNESE2ZF7SIUAQFACNYTK/req_candidate/project/pipeline/pipe.go
        /opt/gobble/app/test-results/electron/continuation-review-contin-c548e-xplicit-native-confirmation/fixture/profile/service/pipeline-preparations/pip_DX6JTVVM4RUTCDAF42SPC2SDVN/req_prepare/project/pipeline/pipe.go
        /opt/gobble/app/test-results/electron/continuation-review-older--af053-ion-never-silently-resubmit/fixture/profile/service/pipeline-creations/drf_P3DQXKIQKQYH7IZEVQ2VV5J575/req_candidate/project/pipeline/pipe.go
        /opt/gobble/app/test-results/electron/continuation-review-older--af053-ion-never-silently-resubmit/fixture/profile/service/pipeline-preparations/pip_54E37KK3HZAVKRCSUWN3Q4IKLM/req_prepare/project/pipeline/pipe.go
        /opt/gobble/app/test-results/p5b5-regression/continuation-review-Agent--1bd4e--selection-or-starting-work/fixture/profile/service/pipeline-creations/drf_W2FPMYCR4NC4A4UD72FRW2GGFA/req_candidate/project/pipeline/pipe.go
        /opt/gobble/app/test-results/p5b5-regression/continuation-review-Agent--1bd4e--selection-or-starting-work/fixture/profile/service/pipeline-preparations/pip_4Y2C2JSQQOWHXQLV6WDXBWKOTY/req_prepare/project/pipeline/pipe.go
        /opt/gobble/app/test-results/p5b5-regression/continuation-review-contin-c548e-xplicit-native-confirmation/fixture/profile/service/pipeline-creations/drf_DAKU3ZFQDFBJQYPDAD4CXVWNM6/req_candidate/project/pipeline/pipe.go
        /opt/gobble/app/test-results/p5b5-regression/continuation-review-contin-c548e-xplicit-native-confirmation/fixture/profile/service/pipeline-preparations/pip_3TJZUPZY4GZWPPMMF7ZVP2UYQZ/req_prepare/project/pipeline/pipe.go
        /opt/gobble/app/test-results/p5b5-regression/continuation-review-older--af053-ion-never-silently-resubmit/fixture/profile/service/pipeline-creations/drf_QDVYANSVZQC6DTHUEFZJJFXXIF/req_candidate/project/pipeline/pipe.go
        /opt/gobble/app/test-results/p5b5-regression/continuation-review-older--af053-ion-never-silently-resubmit/fixture/profile/service/pipeline-preparations/pip_F3JEJOHMG7KKC4R66665P7MM3O/req_prepare/project/pipeline/pipe.go
        /opt/gobble/pipeline_creation_test.go
        /opt/gobble/pipeline_review_test.go
FAIL
FAIL	github.com/HahyeonJeon/gobble/assets	1.963s
ok  	github.com/HahyeonJeon/gobble/assets/modules	0.050s
?   	github.com/HahyeonJeon/gobble/assets/modules/anndatar-convert	[no test files]
?   	github.com/HahyeonJeon/gobble/assets/modules/atac-consensus-peaks	[no test files]
?   	github.com/HahyeonJeon/gobble/assets/modules/atac-frip-score	[no test files]
?   	github.com/HahyeonJeon/gobble/assets/modules/atac-reference-intervals	[no test files]
?   	github.com/HahyeonJeon/gobble/assets/modules/ataqv	[no test files]
?   	github.com/HahyeonJeon/gobble/assets/modules/ataqv-mkarv	[no test files]
?   	github.com/HahyeonJeon/gobble/assets/modules/bcftools-sort	[no test files]
?   	github.com/HahyeonJeon/gobble/assets/modules/bcftools-stats	[no test files]
?   	github.com/HahyeonJeon/gobble/assets/modules/bedgraph-scale	[no test files]
?   	github.com/HahyeonJeon/gobble/assets/modules/bedtools-genomecov	[no test files]
?   	github.com/HahyeonJeon/gobble/assets/modules/bedtools-intersect	[no test files]
?   	github.com/HahyeonJeon/gobble/assets/modules/bismark-align	[no test files]
?   	github.com/HahyeonJeon/gobble/assets/modules/bismark-deduplicate	[no test files]
?   	github.com/HahyeonJeon/gobble/assets/modules/bismark-genome	[no test files]
?   	github.com/HahyeonJeon/gobble/assets/modules/bismark-methylation-extractor	[no test files]
?   	github.com/HahyeonJeon/gobble/assets/modules/bismark-report	[no test files]
?   	github.com/HahyeonJeon/gobble/assets/modules/bismark-summary	[no test files]
?   	github.com/HahyeonJeon/gobble/assets/modules/bwa-index	[no test files]
?   	github.com/HahyeonJeon/gobble/assets/modules/bwa-mem	[no test files]
?   	github.com/HahyeonJeon/gobble/assets/modules/cat-fastq	[no test files]
?   	github.com/HahyeonJeon/gobble/assets/modules/cut-chrom-sizes	[no test files]
?   	github.com/HahyeonJeon/gobble/assets/modules/deeptools-compute-matrix	[no test files]
?   	github.com/HahyeonJeon/gobble/assets/modules/deeptools-plot-fingerprint	[no test files]
?   	github.com/HahyeonJeon/gobble/assets/modules/deeptools-plot-profile	[no test files]
?   	github.com/HahyeonJeon/gobble/assets/modules/deseq2-qc	[no test files]
?   	github.com/HahyeonJeon/gobble/assets/modules/dupradar	[no test files]
?   	github.com/HahyeonJeon/gobble/assets/modules/fastp	[no test files]
?   	github.com/HahyeonJeon/gobble/assets/modules/fastqc	[no test files]
?   	github.com/HahyeonJeon/gobble/assets/modules/featurecounts	[no test files]
?   	github.com/HahyeonJeon/gobble/assets/modules/featurecounts-merge-matrices	[no test files]
?   	github.com/HahyeonJeon/gobble/assets/modules/fq-lint	[no test files]
?   	github.com/HahyeonJeon/gobble/assets/modules/gatk4-applybqsr	[no test files]
?   	github.com/HahyeonJeon/gobble/assets/modules/gatk4-baserecalibrator	[no test files]
?   	github.com/HahyeonJeon/gobble/assets/modules/gatk4-gather-bqsr-reports	[no test files]
?   	github.com/HahyeonJeon/gobble/assets/modules/gatk4-genomicsdbimport	[no test files]
?   	github.com/HahyeonJeon/gobble/assets/modules/gatk4-genotypegvcfs	[no test files]
?   	github.com/HahyeonJeon/gobble/assets/modules/gatk4-haplotypecaller	[no test files]
?   	github.com/HahyeonJeon/gobble/assets/modules/gatk4-markduplicates	[no test files]
?   	github.com/HahyeonJeon/gobble/assets/modules/gatk4-mergevcfs	[no test files]
?   	github.com/HahyeonJeon/gobble/assets/modules/gffread	[no test files]
?   	github.com/HahyeonJeon/gobble/assets/modules/gffread-transcriptome	[no test files]
?   	github.com/HahyeonJeon/gobble/assets/modules/gtf-filter	[no test files]
?   	github.com/HahyeonJeon/gobble/assets/modules/gtf-gene-filter	[no test files]
?   	github.com/HahyeonJeon/gobble/assets/modules/gtf-to-t2g	[no test files]
?   	github.com/HahyeonJeon/gobble/assets/modules/gunzip	[no test files]
?   	github.com/HahyeonJeon/gobble/assets/modules/h5ad-concat	[no test files]
?   	github.com/HahyeonJeon/gobble/assets/modules/homer-annotate-peaks	[no test files]
?   	github.com/HahyeonJeon/gobble/assets/modules/igv-session	[no test files]
?   	github.com/HahyeonJeon/gobble/assets/modules/macs2-callpeak	[no test files]
?   	github.com/HahyeonJeon/gobble/assets/modules/matrix-to-h5ad	[no test files]
?   	github.com/HahyeonJeon/gobble/assets/modules/mosdepth	[no test files]
?   	github.com/HahyeonJeon/gobble/assets/modules/multiqc	[no test files]
?   	github.com/HahyeonJeon/gobble/assets/modules/picard-collect-multiple-metrics	[no test files]
?   	github.com/HahyeonJeon/gobble/assets/modules/picard-markduplicates	[no test files]
?   	github.com/HahyeonJeon/gobble/assets/modules/picard-merge-sam-files	[no test files]
?   	github.com/HahyeonJeon/gobble/assets/modules/plot-homer-annotatepeaks	[no test files]
?   	github.com/HahyeonJeon/gobble/assets/modules/plot-macs2-qc	[no test files]
?   	github.com/HahyeonJeon/gobble/assets/modules/qcatch	[no test files]
?   	github.com/HahyeonJeon/gobble/assets/modules/qualimap-bamqc	[no test files]
?   	github.com/HahyeonJeon/gobble/assets/modules/rseqc-inferexperiment	[no test files]
?   	github.com/HahyeonJeon/gobble/assets/modules/salmon-index	[no test files]
?   	github.com/HahyeonJeon/gobble/assets/modules/salmon-quant	[no test files]
?   	github.com/HahyeonJeon/gobble/assets/modules/sample-retention-mapped	[no test files]
?   	github.com/HahyeonJeon/gobble/assets/modules/sample-retention-trimmed	[no test files]
?   	github.com/HahyeonJeon/gobble/assets/modules/samtools-faidx	[no test files]
?   	github.com/HahyeonJeon/gobble/assets/modules/samtools-flagstat	[no test files]
?   	github.com/HahyeonJeon/gobble/assets/modules/samtools-idxstats	[no test files]
?   	github.com/HahyeonJeon/gobble/assets/modules/samtools-index	[no test files]
?   	github.com/HahyeonJeon/gobble/assets/modules/samtools-merge	[no test files]
?   	github.com/HahyeonJeon/gobble/assets/modules/samtools-sort	[no test files]
?   	github.com/HahyeonJeon/gobble/assets/modules/samtools-stats	[no test files]
?   	github.com/HahyeonJeon/gobble/assets/modules/samtools-view	[no test files]
?   	github.com/HahyeonJeon/gobble/assets/modules/samtools-view-count	[no test files]
?   	github.com/HahyeonJeon/gobble/assets/modules/simpleaf-index	[no test files]
?   	github.com/HahyeonJeon/gobble/assets/modules/simpleaf-quant	[no test files]
?   	github.com/HahyeonJeon/gobble/assets/modules/star-align	[no test files]
?   	github.com/HahyeonJeon/gobble/assets/modules/star-genome-generate	[no test files]
?   	github.com/HahyeonJeon/gobble/assets/modules/stringtie	[no test files]
ok  	github.com/HahyeonJeon/gobble/assets/modules/trim-galore	0.086s
?   	github.com/HahyeonJeon/gobble/assets/modules/tximport	[no test files]
?   	github.com/HahyeonJeon/gobble/assets/modules/ucsc-bedclip	[no test files]
?   	github.com/HahyeonJeon/gobble/assets/modules/ucsc-bedgraphtobigwig	[no test files]
?   	github.com/HahyeonJeon/gobble/assets/modules/wc-lines	[no test files]
?   	github.com/HahyeonJeon/gobble/assets/pipelines	[no test files]
?   	github.com/HahyeonJeon/gobble/assets/pipelines/atacseq	[no test files]
?   	github.com/HahyeonJeon/gobble/assets/pipelines/methylseq	[no test files]
?   	github.com/HahyeonJeon/gobble/assets/pipelines/rnaseq	[no test files]
?   	github.com/HahyeonJeon/gobble/assets/pipelines/scrnaseq	[no test files]
?   	github.com/HahyeonJeon/gobble/assets/pipelines/wgs	[no test files]
--- FAIL: TestPackPrintpipeArtifact (3.51s)
    pack_test.go:269: packed compose = code 1 stderr 
--- FAIL: TestPackHostpipeEmptyInspectProtocol (3.57s)
    pack_test.go:364: exit = 1
        stderr: 
FAIL
FAIL	github.com/HahyeonJeon/gobble/cmd/gobble	111.719s
ok  	github.com/HahyeonJeon/gobble/cmd/gobble-container	0.049s
?   	github.com/HahyeonJeon/gobble/cmd/gobble-service	[no test files]
?   	github.com/HahyeonJeon/gobble/distribution/runtime	[no test files]
?   	github.com/HahyeonJeon/gobble/examples/hello	[no test files]
ok  	github.com/HahyeonJeon/gobble/internal/appservice	6.712s
ok  	github.com/HahyeonJeon/gobble/internal/containerenv	0.057s
ok  	github.com/HahyeonJeon/gobble/internal/engine	19.219s
ok  	github.com/HahyeonJeon/gobble/internal/engine/exec	0.131s
ok  	github.com/HahyeonJeon/gobble/internal/fixture	0.093s
?   	github.com/HahyeonJeon/gobble/internal/modulecommand	[no test files]
?   	github.com/HahyeonJeon/gobble/internal/path	[no test files]
ok  	github.com/HahyeonJeon/gobble/internal/pipelinereview	0.056s
?   	github.com/HahyeonJeon/gobble/internal/preparation	[no test files]
?   	github.com/HahyeonJeon/gobble/internal/testutil	[no test files]
ok  	github.com/HahyeonJeon/gobble/monitor	2.298s
ok  	github.com/HahyeonJeon/gobble/monitor/tui	1.969s
ok  	github.com/HahyeonJeon/gobble/tests/cli-valid	5.128s
?   	github.com/HahyeonJeon/gobble/tests/cli-valid/runlocal	[no test files]
?   	github.com/HahyeonJeon/gobble/tests/cli-valid/workflowcase	[no test files]
?   	github.com/HahyeonJeon/gobble/tests/internal/plancheck	[no test files]
?   	github.com/HahyeonJeon/gobble/tests/internal/sourcecheck	[no test files]
ok  	github.com/HahyeonJeon/gobble/tests/modules	0.685s
ok  	github.com/HahyeonJeon/gobble/tests/modules/anndatar-convert	0.072s
ok  	github.com/HahyeonJeon/gobble/tests/modules/bedtools-genomecov	0.080s
ok  	github.com/HahyeonJeon/gobble/tests/modules/bismark-align	0.099s
ok  	github.com/HahyeonJeon/gobble/tests/modules/bismark-deduplicate	0.095s
ok  	github.com/HahyeonJeon/gobble/tests/modules/bismark-genome	0.085s
ok  	github.com/HahyeonJeon/gobble/tests/modules/bismark-methylation-extractor	0.112s
ok  	github.com/HahyeonJeon/gobble/tests/modules/bismark-report	0.096s
ok  	github.com/HahyeonJeon/gobble/tests/modules/bismark-summary	0.077s
ok  	github.com/HahyeonJeon/gobble/tests/modules/bwa-index	0.082s
ok  	github.com/HahyeonJeon/gobble/tests/modules/bwa-mem	0.086s
ok  	github.com/HahyeonJeon/gobble/tests/modules/cat-fastq	0.073s
ok  	github.com/HahyeonJeon/gobble/tests/modules/cut-chrom-sizes	0.081s
ok  	github.com/HahyeonJeon/gobble/tests/modules/deseq2-qc	0.084s
ok  	github.com/HahyeonJeon/gobble/tests/modules/dupradar	0.085s
ok  	github.com/HahyeonJeon/gobble/tests/modules/fastp	0.079s
ok  	github.com/HahyeonJeon/gobble/tests/modules/fastqc	0.092s
ok  	github.com/HahyeonJeon/gobble/tests/modules/featurecounts	0.087s
ok  	github.com/HahyeonJeon/gobble/tests/modules/fq-lint	0.074s
ok  	github.com/HahyeonJeon/gobble/tests/modules/gatk4-genomicsdbimport	0.268s
ok  	github.com/HahyeonJeon/gobble/tests/modules/gatk4-genotypegvcfs	0.077s
ok  	github.com/HahyeonJeon/gobble/tests/modules/gatk4-haplotypecaller	0.101s
ok  	github.com/HahyeonJeon/gobble/tests/modules/gffread	0.108s
ok  	github.com/HahyeonJeon/gobble/tests/modules/gffread-transcriptome	0.092s
ok  	github.com/HahyeonJeon/gobble/tests/modules/gtf-filter	0.080s
ok  	github.com/HahyeonJeon/gobble/tests/modules/gtf-gene-filter	0.070s
ok  	github.com/HahyeonJeon/gobble/tests/modules/gtf-to-t2g	0.070s
ok  	github.com/HahyeonJeon/gobble/tests/modules/gunzip	0.073s
ok  	github.com/HahyeonJeon/gobble/tests/modules/h5ad-concat	0.084s
?   	github.com/HahyeonJeon/gobble/tests/modules/internal/commandcheck	[no test files]
ok  	github.com/HahyeonJeon/gobble/tests/modules/macs2-callpeak	0.066s
ok  	github.com/HahyeonJeon/gobble/tests/modules/matrix-to-h5ad	0.080s
ok  	github.com/HahyeonJeon/gobble/tests/modules/multiqc	0.067s
ok  	github.com/HahyeonJeon/gobble/tests/modules/picard-markduplicates	0.075s
ok  	github.com/HahyeonJeon/gobble/tests/modules/plot-homer-annotatepeaks	0.088s
ok  	github.com/HahyeonJeon/gobble/tests/modules/plot-macs2-qc	0.075s
ok  	github.com/HahyeonJeon/gobble/tests/modules/qcatch	0.069s
ok  	github.com/HahyeonJeon/gobble/tests/modules/qualimap-bamqc	0.084s
ok  	github.com/HahyeonJeon/gobble/tests/modules/rseqc-inferexperiment	0.077s
ok  	github.com/HahyeonJeon/gobble/tests/modules/salmon-index	0.071s
ok  	github.com/HahyeonJeon/gobble/tests/modules/salmon-quant	0.443s
ok  	github.com/HahyeonJeon/gobble/tests/modules/sample-retention-mapped	0.078s
ok  	github.com/HahyeonJeon/gobble/tests/modules/sample-retention-trimmed	0.066s
ok  	github.com/HahyeonJeon/gobble/tests/modules/samtools-faidx	0.076s
ok  	github.com/HahyeonJeon/gobble/tests/modules/samtools-index	0.069s
ok  	github.com/HahyeonJeon/gobble/tests/modules/samtools-merge	0.073s
ok  	github.com/HahyeonJeon/gobble/tests/modules/samtools-sort	0.070s
ok  	github.com/HahyeonJeon/gobble/tests/modules/samtools-stats	0.070s
ok  	github.com/HahyeonJeon/gobble/tests/modules/simpleaf-index	0.066s
ok  	github.com/HahyeonJeon/gobble/tests/modules/simpleaf-quant	0.083s
ok  	github.com/HahyeonJeon/gobble/tests/modules/star-align	0.069s
ok  	github.com/HahyeonJeon/gobble/tests/modules/star-genome-generate	0.076s
ok  	github.com/HahyeonJeon/gobble/tests/modules/stringtie	0.067s
ok  	github.com/HahyeonJeon/gobble/tests/modules/trim-galore	0.099s
ok  	github.com/HahyeonJeon/gobble/tests/modules/tximport	0.080s
ok  	github.com/HahyeonJeon/gobble/tests/modules/ucsc-bedclip	0.138s
ok  	github.com/HahyeonJeon/gobble/tests/modules/ucsc-bedgraphtobigwig	0.082s
ok  	github.com/HahyeonJeon/gobble/tests/pipelines	0.372s
ok  	github.com/HahyeonJeon/gobble/tests/pipelines/atacseq	0.774s
ok  	github.com/HahyeonJeon/gobble/tests/pipelines/methylseq	1.283s
ok  	github.com/HahyeonJeon/gobble/tests/pipelines/rnaseq	0.979s
ok  	github.com/HahyeonJeon/gobble/tests/pipelines/scrnaseq	1.272s
ok  	github.com/HahyeonJeon/gobble/tests/pipelines/wgs	0.295s
ok  	github.com/HahyeonJeon/gobble/tests/scenarios	0.054s
ok  	github.com/HahyeonJeon/gobble/tests/scenarios/build	0.271s
ok  	github.com/HahyeonJeon/gobble/tests/scenarios/customize	0.236s
--- FAIL: TestProductSourceDependencyDirection (0.10s)
    ownership_test.go:75: assets/modules/trim-galore/inspection_test.go imports reverse dependency github.com/HahyeonJeon/gobble/assets/modules/trim-galore
FAIL
FAIL	github.com/HahyeonJeon/gobble/tests/scenarios/design	0.143s
ok  	github.com/HahyeonJeon/gobble/tests/scenarios/failure	54.597s
?   	github.com/HahyeonJeon/gobble/tests/scenarios/internal/atacseqscenario	[no test files]
?   	github.com/HahyeonJeon/gobble/tests/scenarios/internal/dockerfixture	[no test files]
?   	github.com/HahyeonJeon/gobble/tests/scenarios/internal/methylseqscenario	[no test files]
?   	github.com/HahyeonJeon/gobble/tests/scenarios/internal/rnaseqscenario	[no test files]
?   	github.com/HahyeonJeon/gobble/tests/scenarios/internal/scrnaseqscenario	[no test files]
?   	github.com/HahyeonJeon/gobble/tests/scenarios/internal/wgsscenario	[no test files]
ok  	github.com/HahyeonJeon/gobble/tests/scenarios/resume	146.190s
ok  	github.com/HahyeonJeon/gobble/tests/scenarios/run	81.036s
ok  	github.com/HahyeonJeon/gobble/tests/scenarios/stop	59.726s
FAIL
