
> gobble-app-workspace@0.1.0 build
> npm run build:service && npm run build --workspace @gobble/desktop


> gobble-app-workspace@0.1.0 build:service
> tsx scripts/build-service.ts


> @gobble/desktop@0.1.0 build
> electron-vite build

vite v7.3.6 building ssr environment for production...
transforming...
✓ 369 modules transformed.
rendering chunks...
out/main/index.js  508.94 kB
✓ built in 637ms
vite v7.3.6 building ssr environment for production...
transforming...
✓ 316 modules transformed.
rendering chunks...
out/preload/index.cjs  229.26 kB
✓ built in 301ms
vite v7.3.6 building client environment for production...
transforming...
✓ 410 modules transformed.
rendering chunks...
../../out/renderer/index.html                     0.39 kB
../../out/renderer/assets/index-CAo7VOrP.css     44.38 kB
../../out/renderer/assets/index-BeD0My3g.js   1,019.79 kB
✓ built in 756ms
