
> gobble-app-workspace@0.1.0 build
> npm run build:service && npm run build --workspace @gobble/desktop


> gobble-app-workspace@0.1.0 build:service
> tsx scripts/build-service.ts


> @gobble/desktop@0.1.0 build
> electron-vite build

vite v7.3.6 building ssr environment for production...
transforming...
✓ 369 modules transformed.
rendering chunks...
out/main/index.js  510.17 kB
✓ built in 600ms
vite v7.3.6 building ssr environment for production...
transforming...
✓ 316 modules transformed.
rendering chunks...
out/preload/index.cjs  229.65 kB
✓ built in 296ms
vite v7.3.6 building client environment for production...
transforming...
✓ 410 modules transformed.
rendering chunks...
../../out/renderer/index.html                     0.39 kB
../../out/renderer/assets/index-MOnMzZiR.css     45.00 kB
../../out/renderer/assets/index-COTcNmRV.js   1,024.19 kB
✓ built in 733ms
