
> gobble-app-workspace@0.1.0 build
> npm run build:service && npm run build --workspace @gobble/desktop


> gobble-app-workspace@0.1.0 build:service
> tsx scripts/build-service.ts


> @gobble/desktop@0.1.0 build
> electron-vite build

vite v7.3.6 building ssr environment for production...
transforming...
✓ 453 modules transformed.
rendering chunks...
out/main/index.js  2,071.11 kB
✓ built in 921ms
vite v7.3.6 building ssr environment for production...
transforming...
✓ 367 modules transformed.
rendering chunks...
out/preload/index.cjs  1,604.81 kB
✓ built in 388ms
vite v7.3.6 building client environment for production...
transforming...
✓ 523 modules transformed.
rendering chunks...
../../out/renderer/index.html                     0.39 kB
../../out/renderer/assets/index-D0trovSU.css     85.62 kB
../../out/renderer/assets/index-ClEu8x-d.js   2,650.53 kB
✓ built in 920ms
