
Running 16 tests using 1 worker

(node:85481) Warning: The 'NO_COLOR' env is ignored due to the 'FORCE_COLOR' env being set.
(Use `node --trace-warnings ...` to show where the warning was created)
  ✓   1 desktop/tests/electron/report-reader.spec.ts:59:1 › qualified FastQC source preserves ordered text, tables, status variants and all original charts (702ms)
  ✓   2 desktop/tests/electron/report-reader.spec.ts:128:1 › rejects active, external, malformed, unknown and oversized content without a partial rendition (1.6s)
  ✓   3 desktop/tests/electron/report-reader.spec.ts:155:1 › uses a hidden sandbox without a preload or privileged bridge, and a closed reader refuses more jobs (223ms)
  ✓   4 desktop/tests/electron/report-reader.spec.ts:194:1 › close and the finite deadline dispose a stalled parser job (10.1s)
  ✓   5 desktop/tests/electron/saved-reports.spec.ts:10:1 › Flow opens a complete saved report; compact/focus/close/restart preserve its original result (9.9s)
  ✓   6 desktop/tests/electron/shared-context.spec.ts:58:1 › User and Agent share table/image pointers while local selection and composer focus stay independent (4.1s)
  ✓   7 desktop/tests/electron/shared-context.spec.ts:105:1 › text pointing overlays a revision-bound range without replacing native local selection (2.2s)
  ✓   8 desktop/tests/electron/shared-context.spec.ts:145:1 › explicit shared-view opt-in starts a new conversation and retains earlier messages (2.3s)
  ✓   9 desktop/tests/electron/workspace.spec.ts:27:1 › real files, split, selection and draft survive a normal app relaunch (1.8s)
  ✓  10 desktop/tests/electron/workspace.spec.ts:66:1 › keyboard tabs, duplicate, move and close preserve the remaining views (1.2s)
  ✓  11 desktop/tests/electron/workspace.spec.ts:96:1 › narrow windows retain both panes and keyboard image and text context (1.2s)
  ✓  12 desktop/tests/electron/workspace.spec.ts:133:1 › changed and missing files remain explicit while other Projects stay separate (1.3s)
  ✓  13 desktop/tests/electron/workspace.spec.ts:173:1 › a failed draft save preserves the Project and honors Keep Open on window close (957ms)
  ✓  14 desktop/tests/electron/workspace.spec.ts:218:1 › stacked panes, fitted image and one composer retain their identity across resizing and compact chat (1.6s)
  ✓  15 desktop/tests/electron/workspace.spec.ts:341:1 › the real app migrates saved v1 geometry on the first change and retains the original archive (1.9s)
  ✓  16 desktop/tests/electron/workspace.spec.ts:408:1 › selection overview finds hidden sources, More returns keyboard focus, and empty panes target navigation (1.4s)

  16 passed (44.1s)
