
> gobble-app-workspace@0.1.0 build
> npm run build:service && npm run build --workspace @gobble/desktop


> gobble-app-workspace@0.1.0 build:service
> tsx scripts/build-service.ts


> @gobble/desktop@0.1.0 build
> electron-vite build

vite v7.3.6 building ssr environment for production...
transforming...
✓ 443 modules transformed.
rendering chunks...
out/main/index.js  1,893.22 kB
✓ built in 1.02s
vite v7.3.6 building ssr environment for production...
transforming...
✓ 361 modules transformed.
rendering chunks...
out/preload/index.cjs  1,445.58 kB
✓ built in 408ms
vite v7.3.6 building client environment for production...
transforming...
✓ 511 modules transformed.
rendering chunks...
../../out/renderer/index.html                     0.39 kB
../../out/renderer/assets/index-CW49XXqx.css     79.92 kB
../../out/renderer/assets/index-BWHWa9no.js   2,466.14 kB
✓ built in 933ms
