
> gobble-app-workspace@0.1.0 build
> npm run build:service && npm run build --workspace @gobble/desktop


> gobble-app-workspace@0.1.0 build:service
> tsx scripts/build-service.ts


> @gobble/desktop@0.1.0 build
> electron-vite build

vite v7.3.6 building ssr environment for production...
transforming...
✓ 445 modules transformed.
rendering chunks...
out/main/index.js  1,905.76 kB
✓ built in 1.62s
vite v7.3.6 building ssr environment for production...
transforming...
✓ 362 modules transformed.
rendering chunks...
out/preload/index.cjs  1,451.08 kB
✓ built in 391ms
vite v7.3.6 building client environment for production...
transforming...
✓ 512 modules transformed.
rendering chunks...
../../out/renderer/index.html                     0.39 kB
../../out/renderer/assets/index-CW49XXqx.css     79.92 kB
../../out/renderer/assets/index-TjiVk1uK.js   2,470.33 kB
✓ built in 870ms
