
> gobble-app-workspace@0.1.0 build
> npm run build:service && npm run build --workspace @gobble/desktop


> gobble-app-workspace@0.1.0 build:service
> tsx scripts/build-service.ts


> @gobble/desktop@0.1.0 build
> electron-vite build

vite v7.3.6 building ssr environment for production...
transforming...
✓ 415 modules transformed.
rendering chunks...
out/main/index.js  1,240.65 kB
✓ built in 1.26s
vite v7.3.6 building ssr environment for production...
transforming...
✓ 343 modules transformed.
rendering chunks...
out/preload/index.cjs  858.37 kB
✓ built in 525ms
vite v7.3.6 building client environment for production...
transforming...
✓ 465 modules transformed.
rendering chunks...
../../out/renderer/index.html                     0.39 kB
../../out/renderer/assets/index-ZVOUwdAx.css     62.53 kB
../../out/renderer/assets/index-DOPL8sDp.js   1,770.22 kB
✓ built in 1.05s
