
> gobble-app-workspace@0.1.0 build
> npm run build:service && npm run build --workspace @gobble/desktop


> gobble-app-workspace@0.1.0 build:service
> tsx scripts/build-service.ts


> @gobble/desktop@0.1.0 build
> electron-vite build

vite v7.3.6 building ssr environment for production...
transforming...
✓ 427 modules transformed.
rendering chunks...
out/main/index.js  1,548.08 kB
✓ built in 869ms
vite v7.3.6 building ssr environment for production...
transforming...
✓ 351 modules transformed.
rendering chunks...
out/preload/index.cjs  1,135.48 kB
✓ built in 369ms
vite v7.3.6 building client environment for production...
transforming...
✓ 481 modules transformed.
rendering chunks...
../../out/renderer/index.html                     0.39 kB
../../out/renderer/assets/index-suk5IAQK.css     69.60 kB
../../out/renderer/assets/index-Be4ZtAX0.js   2,088.29 kB
✓ built in 876ms
