#0 building with "desktop-linux" instance using docker driver

#1 [internal] load build definition from Dockerfile
#1 transferring dockerfile: 422B done
#1 WARN: InvalidDefaultArgInFrom: Default value for ARG ${BASE_IMAGE} results in empty or invalid base image name (line 3)
#1 DONE 0.0s

#2 [internal] load metadata for docker.io/library/gobble-p2a1-toolchain:local
#2 DONE 0.0s

#3 [internal] load .dockerignore
#3 transferring context: 2B done
#3 DONE 0.0s

#4 [internal] load build context
#4 transferring context: 90.83kB 0.0s done
#4 DONE 0.0s

#5 [1/4] FROM docker.io/library/gobble-p2a1-toolchain:local@sha256:bccd458a724b795ac507e3dd0be43e8431269db2819fa544784d73dc751ba22b
#5 resolve docker.io/library/gobble-p2a1-toolchain:local@sha256:bccd458a724b795ac507e3dd0be43e8431269db2819fa544784d73dc751ba22b done
#5 CACHED

#6 [2/4] COPY gobble /opt/gobble
#6 DONE 0.0s

#7 [3/4] WORKDIR /opt/gobble
#7 DONE 0.0s

#8 [4/4] RUN CGO_ENABLED=0 GOMAXPROCS=1 go build -buildvcs=false -o /usr/local/bin/gobble ./cmd/gobble
#8 DONE 91.3s

#9 exporting to image
#9 exporting layers
#9 exporting layers 2.8s done
#9 exporting manifest sha256:ba4fd61d0bc35c952101faa99ee88e5b84c3071858f0b42655de492d1fb7aa0f
#9 exporting manifest sha256:ba4fd61d0bc35c952101faa99ee88e5b84c3071858f0b42655de492d1fb7aa0f done
#9 exporting config sha256:dbc25f4fff4953bad1ca466a5998c401e48405494152587cbf28dfd24773af14 done
#9 exporting attestation manifest sha256:334f0f5f550f10f89156544df37a2001b5df53d55cd205109261327ab37674cd done
#9 exporting manifest list sha256:7f5b4a590b2afd5d96894dd1a93108f959a88bbdd6c335fd675a09ec0b07a71e done
#9 naming to moby-dangling@sha256:7f5b4a590b2afd5d96894dd1a93108f959a88bbdd6c335fd675a09ec0b07a71e done
#9 DONE 2.9s

 [33m1 warning found (use docker --debug to expand):
[0m - InvalidDefaultArgInFrom: Default value for ARG ${BASE_IMAGE} results in empty or invalid base image name (line 3)
